[meta-af] iter    0  mean_chunk_mse=0.4274
[meta-af] iter   50  mean_chunk_mse=0.0971
[meta-af] iter  100  mean_chunk_mse=0.0452
[meta-af] iter  150  mean_chunk_mse=0.0473
[meta-af] iter  200  mean_chunk_mse=0.0598
[meta-af] iter  250  mean_chunk_mse=0.0396
[meta-af] iter  300  mean_chunk_mse=0.0393
[meta-af] iter  350  mean_chunk_mse=0.0245
[meta-af] iter  400  mean_chunk_mse=0.0313
[meta-af] iter  450  mean_chunk_mse=0.0493
[meta-af] iter  500  mean_chunk_mse=0.0376
[meta-af] iter  550  mean_chunk_mse=0.0335
[meta-af] iter  600  mean_chunk_mse=0.0516
[meta-af] iter  650  mean_chunk_mse=0.0398
[meta-af] iter  700  mean_chunk_mse=0.0463
[meta-af] iter  750  mean_chunk_mse=0.0359
[meta-af] iter  800  mean_chunk_mse=0.0443
[meta-af] iter  850  mean_chunk_mse=0.0250
[meta-af] iter  900  mean_chunk_mse=0.1108
[meta-af] iter  950  mean_chunk_mse=0.0435
[meta-af] iter 1000  mean_chunk_mse=0.0335
[meta-af] iter 1050  mean_chunk_mse=0.0348
[meta-af] iter 1100  mean_chunk_mse=0.0522
[meta-af] iter 1150  mean_chunk_mse=0.0347
[meta-af] iter 1200  mean_chunk_mse=0.0657
[meta-af] iter 1250  mean_chunk_mse=0.0365
[meta-af] iter 1300  mean_chunk_mse=0.0416
[meta-af] iter 1350  mean_chunk_mse=0.0642
[meta-af] iter 1400  mean_chunk_mse=0.0696
[meta-af] iter 1450  mean_chunk_mse=0.0437
[meta-af] iter 1500  mean_chunk_mse=0.0328
[meta-af] iter 1550  mean_chunk_mse=0.0394
[meta-af] iter 1600  mean_chunk_mse=0.0587
[meta-af] iter 1650  mean_chunk_mse=0.0640
[meta-af] iter 1700  mean_chunk_mse=0.0313
[meta-af] iter 1750  mean_chunk_mse=0.0631
[meta-af] iter 1800  mean_chunk_mse=0.0461
[meta-af] iter 1850  mean_chunk_mse=0.0453
[meta-af] iter 1900  mean_chunk_mse=0.0341
[meta-af] iter 1950  mean_chunk_mse=0.0447
[meta-af] iter 2000  mean_chunk_mse=0.0418
[meta-af] iter 2050  mean_chunk_mse=0.0549
[meta-af] iter 2100  mean_chunk_mse=0.0454
[meta-af] iter 2150  mean_chunk_mse=0.0476
[meta-af] iter 2200  mean_chunk_mse=0.0558
[meta-af] iter 2250  mean_chunk_mse=0.0359
[meta-af] iter 2300  mean_chunk_mse=0.0447
[meta-af] iter 2350  mean_chunk_mse=0.0353
[meta-af] iter 2400  mean_chunk_mse=0.0309
[meta-af] iter 2450  mean_chunk_mse=0.0412
[meta-af] iter 2500  mean_chunk_mse=0.0206
[meta-af] iter 2550  mean_chunk_mse=0.0235
[meta-af] iter 2600  mean_chunk_mse=0.0235
[meta-af] iter 2650  mean_chunk_mse=0.0390
[meta-af] iter 2700  mean_chunk_mse=0.0671
[meta-af] iter 2750  mean_chunk_mse=0.0899
[meta-af] iter 2800  mean_chunk_mse=0.0261
[meta-af] iter 2850  mean_chunk_mse=0.0254
[meta-af] iter 2900  mean_chunk_mse=0.0335
[meta-af] iter 2950  mean_chunk_mse=0.0410
[meta-af] iter 2999  mean_chunk_mse=0.0296
saved -> results/meta_af/meta_af.pt
